// Jest Snapshot v1, https://goo.gl/fbAQLP

exports[`<Container /> should render correctly 1`] = `
<DocumentFragment>
  <div
    class="root-0-2-1"
  >
    <div
      class="content-0-2-2"
    />
  </div>
</DocumentFragment>
`;
